id: if-matches-chain
snapshots:
  ? |
    if matches!(shape, SyntaxShape::Closure(_)) {
      parse_closure();
    } else if matches!(shape, SyntaxShape::Block(_)) {
      parse_block();
    } else if matches!(shape, SyntaxShape::MatchBlock) {
      parse_match_block();
    } else {
      parse_other();
    }
  : labels:
    - source: |-
        if matches!(shape, SyntaxShape::Closure(_)) {
          parse_closure();
        } else if matches!(shape, SyntaxShape::Block(_)) {
          parse_block();
        } else if matches!(shape, SyntaxShape::MatchBlock) {
          parse_match_block();
        } else {
          parse_other();
        }
      style: primary
      start: 0
      end: 236
